<?xml version="1.0" encoding="UTF-8"?>
<testsuites name="jest tests" tests="4" failures="0" errors="0" time="1.689">
  <testsuite name="filterTodos" errors="0" failures="0" skipped="0" timestamp="2022-01-28T22:24:27" time="1.556" tests="4">
    <testcase classname="filterTodos should return empty array when an empty array of todos is passed in" name="filterTodos should return empty array when an empty array of todos is passed in" time="0.003">
    </testcase>
    <testcase classname="filterTodos should return all todos if filter is all" name="filterTodos should return all todos if filter is all" time="0.001">
    </testcase>
    <testcase classname="filterTodos should return all todos if filter is completed" name="filterTodos should return all todos if filter is completed" time="0.001">
    </testcase>
    <testcase classname="filterTodos should return all todos if filter is uncompleted" name="filterTodos should return all todos if filter is uncompleted" time="0">
    </testcase>
  </testsuite>
</testsuites>